Archive member included to satisfy reference by file (symbol)

c:/program files/microchip/xc8/v2.32/avr/bin/../lib/gcc/avr/5.4.0/avr5/memx-const\libgcc.a(_exit.o)
                              C:/Program Files/Microchip/MPLABX/v5.50/packs/Microchip/ATmega_DFP/2.3.126/xc8/avr/lib/avr5/memx-const/crtatmega32.o (exit)
c:/program files/microchip/xc8/v2.32/avr/bin/../lib/gcc/avr/5.4.0/avr5/memx-const\libgcc.a(_copy_data.o)
                              build/default/production/main.o (__do_clear_bss)

Discarded input sections

 .data          0x0000000000000000        0x0 C:/Program Files/Microchip/MPLABX/v5.50/packs/Microchip/ATmega_DFP/2.3.126/xc8/avr/lib/avr5/memx-const/crtatmega32.o
 .bss           0x0000000000000000        0x0 C:/Program Files/Microchip/MPLABX/v5.50/packs/Microchip/ATmega_DFP/2.3.126/xc8/avr/lib/avr5/memx-const/crtatmega32.o
 .text          0x0000000000000000        0x0 build/default/production/main.o
 .data          0x0000000000000000        0x0 build/default/production/main.o
 .bss           0x0000000000000000        0x0 build/default/production/main.o
 .bss.duty      0x0000000000000000        0x1 build/default/production/main.o
 .text          0x0000000000000000        0x0 build/default/production/MSPI.o
 .data          0x0000000000000000        0x0 build/default/production/MSPI.o
 .bss           0x0000000000000000        0x0 build/default/production/MSPI.o
 .text          0x0000000000000000        0x0 build/default/production/mTimer.o
 .data          0x0000000000000000        0x0 build/default/production/mTimer.o
 .bss           0x0000000000000000        0x0 build/default/production/mTimer.o
 .text.Timer_interrupt_enable
                0x0000000000000000       0x16 build/default/production/mTimer.o
 .text.Timer_setCompValue
                0x0000000000000000        0x4 build/default/production/mTimer.o
 .text          0x0000000000000000        0x0 build/default/production/IO.o
 .data          0x0000000000000000        0x0 build/default/production/IO.o
 .bss           0x0000000000000000        0x0 build/default/production/IO.o
 .text.init_Leds
                0x0000000000000000        0xa build/default/production/IO.o
 .text.set_Led  0x0000000000000000       0x3c build/default/production/IO.o
 .text._setPortDir
                0x0000000000000000       0x7c build/default/production/IO.o
 .text.setPortDir
                0x0000000000000000       0x5c build/default/production/IO.o
 .text.setPortData
                0x0000000000000000       0x34 build/default/production/IO.o
 .text.togglePortData
                0x0000000000000000       0x44 build/default/production/IO.o
 .text.setPinData
                0x0000000000000000       0xf0 build/default/production/IO.o
 .text.togglePinData
                0x0000000000000000       0x72 build/default/production/IO.o
 .text          0x0000000000000000        0x0 build/default/production/ADC.o
 .data          0x0000000000000000        0x0 build/default/production/ADC.o
 .bss           0x0000000000000000        0x0 build/default/production/ADC.o
 .text.ADC_StartConv
                0x0000000000000000        0x4 build/default/production/ADC.o
 .text.ADC_read
                0x0000000000000000        0xe build/default/production/ADC.o
 .text.ADC_init_INTERRUPT
                0x0000000000000000        0x4 build/default/production/ADC.o
 .text          0x0000000000000000        0x0 c:/program files/microchip/xc8/v2.32/avr/bin/../lib/gcc/avr/5.4.0/avr5/memx-const\libgcc.a(_exit.o)
 .data          0x0000000000000000        0x0 c:/program files/microchip/xc8/v2.32/avr/bin/../lib/gcc/avr/5.4.0/avr5/memx-const\libgcc.a(_exit.o)
 .bss           0x0000000000000000        0x0 c:/program files/microchip/xc8/v2.32/avr/bin/../lib/gcc/avr/5.4.0/avr5/memx-const\libgcc.a(_exit.o)
 .text.libgcc.mul
                0x0000000000000000        0x0 c:/program files/microchip/xc8/v2.32/avr/bin/../lib/gcc/avr/5.4.0/avr5/memx-const\libgcc.a(_exit.o)
 .text.libgcc.div
                0x0000000000000000        0x0 c:/program files/microchip/xc8/v2.32/avr/bin/../lib/gcc/avr/5.4.0/avr5/memx-const\libgcc.a(_exit.o)
 .text.libgcc   0x0000000000000000        0x0 c:/program files/microchip/xc8/v2.32/avr/bin/../lib/gcc/avr/5.4.0/avr5/memx-const\libgcc.a(_exit.o)
 .text.libgcc.prologue
                0x0000000000000000        0x0 c:/program files/microchip/xc8/v2.32/avr/bin/../lib/gcc/avr/5.4.0/avr5/memx-const\libgcc.a(_exit.o)
 .stack.descriptors
                0x0000000000000000       0x13 c:/program files/microchip/xc8/v2.32/avr/bin/../lib/gcc/avr/5.4.0/avr5/memx-const\libgcc.a(_exit.o)
 .text.libgcc.builtins
                0x0000000000000000        0x0 c:/program files/microchip/xc8/v2.32/avr/bin/../lib/gcc/avr/5.4.0/avr5/memx-const\libgcc.a(_exit.o)
 .text.libgcc.fmul
                0x0000000000000000        0x0 c:/program files/microchip/xc8/v2.32/avr/bin/../lib/gcc/avr/5.4.0/avr5/memx-const\libgcc.a(_exit.o)
 .text.libgcc.fixed
                0x0000000000000000        0x0 c:/program files/microchip/xc8/v2.32/avr/bin/../lib/gcc/avr/5.4.0/avr5/memx-const\libgcc.a(_exit.o)
 .text          0x0000000000000000        0x0 c:/program files/microchip/xc8/v2.32/avr/bin/../lib/gcc/avr/5.4.0/avr5/memx-const\libgcc.a(_copy_data.o)
 .data          0x0000000000000000        0x0 c:/program files/microchip/xc8/v2.32/avr/bin/../lib/gcc/avr/5.4.0/avr5/memx-const\libgcc.a(_copy_data.o)
 .bss           0x0000000000000000        0x0 c:/program files/microchip/xc8/v2.32/avr/bin/../lib/gcc/avr/5.4.0/avr5/memx-const\libgcc.a(_copy_data.o)
 .text.libgcc.mul
                0x0000000000000000        0x0 c:/program files/microchip/xc8/v2.32/avr/bin/../lib/gcc/avr/5.4.0/avr5/memx-const\libgcc.a(_copy_data.o)
 .text.libgcc.div
                0x0000000000000000        0x0 c:/program files/microchip/xc8/v2.32/avr/bin/../lib/gcc/avr/5.4.0/avr5/memx-const\libgcc.a(_copy_data.o)
 .text.libgcc   0x0000000000000000        0x0 c:/program files/microchip/xc8/v2.32/avr/bin/../lib/gcc/avr/5.4.0/avr5/memx-const\libgcc.a(_copy_data.o)
 .text.libgcc.prologue
                0x0000000000000000        0x0 c:/program files/microchip/xc8/v2.32/avr/bin/../lib/gcc/avr/5.4.0/avr5/memx-const\libgcc.a(_copy_data.o)
 .text.libgcc.builtins
                0x0000000000000000        0x0 c:/program files/microchip/xc8/v2.32/avr/bin/../lib/gcc/avr/5.4.0/avr5/memx-const\libgcc.a(_copy_data.o)
 .text.libgcc.fmul
                0x0000000000000000        0x0 c:/program files/microchip/xc8/v2.32/avr/bin/../lib/gcc/avr/5.4.0/avr5/memx-const\libgcc.a(_copy_data.o)
 .text.libgcc.fixed
                0x0000000000000000        0x0 c:/program files/microchip/xc8/v2.32/avr/bin/../lib/gcc/avr/5.4.0/avr5/memx-const\libgcc.a(_copy_data.o)

Memory Configuration

Name             Origin             Length             Attributes
text             0x0000000000000000 0x0000000000008000 xr
data             0x0000000000800060 0x0000000000000800 rw !x
eeprom           0x0000000000810000 0x0000000000000400 rw !x
fuse             0x0000000000820000 0x0000000000000002 rw !x
lock             0x0000000000830000 0x0000000000000400 rw !x
signature        0x0000000000840000 0x0000000000000400 rw !x
user_signatures  0x0000000000850000 0x0000000000000400 rw !x
*default*        0x0000000000000000 0xffffffffffffffff

Linker script and memory map

LOAD C:/Program Files/Microchip/MPLABX/v5.50/packs/Microchip/ATmega_DFP/2.3.126/xc8/avr/lib/avr5/memx-const/crtatmega32.o
                0x0000000000000001                __MPLAB_BUILD = 0x1
LOAD build/default/production/main.o
LOAD build/default/production/MSPI.o
LOAD build/default/production/mTimer.o
LOAD build/default/production/IO.o
LOAD build/default/production/ADC.o
START GROUP
LOAD c:/program files/microchip/xc8/v2.32/avr/bin/../lib/gcc/avr/5.4.0/../../../../avr/lib/avr5/memx-const\libm.a
END GROUP
START GROUP
LOAD c:/program files/microchip/xc8/v2.32/avr/bin/../lib/gcc/avr/5.4.0/avr5/memx-const\libgcc.a
LOAD c:/program files/microchip/xc8/v2.32/avr/bin/../lib/gcc/avr/5.4.0/../../../../avr/lib/avr5/memx-const\libm.a
LOAD c:/program files/microchip/xc8/v2.32/avr/bin/../lib/gcc/avr/5.4.0/../../../../avr/lib/avr5/memx-const\libc.a
LOAD C:/Program Files/Microchip/MPLABX/v5.50/packs/Microchip/ATmega_DFP/2.3.126/xc8/avr/lib/avr5/memx-const\libatmega32.a
END GROUP
                0x0000000000000000                __TEXT_REGION_ORIGIN__ = DEFINED (__TEXT_REGION_ORIGIN__)?__TEXT_REGION_ORIGIN__:0x0
                [0x0000000000800060]                __DATA_REGION_ORIGIN__ = DEFINED (__DATA_REGION_ORIGIN__)?__DATA_REGION_ORIGIN__:0x800060
                [0x0000000000008000]                __TEXT_REGION_LENGTH__ = DEFINED (__TEXT_REGION_LENGTH__)?__TEXT_REGION_LENGTH__:0x20000
                [0x0000000000000800]                __DATA_REGION_LENGTH__ = DEFINED (__DATA_REGION_LENGTH__)?__DATA_REGION_LENGTH__:0xffa0
                [0x0000000000000400]                __EEPROM_REGION_LENGTH__ = DEFINED (__EEPROM_REGION_LENGTH__)?__EEPROM_REGION_LENGTH__:0x10000
                [0x0000000000000002]                __FUSE_REGION_LENGTH__ = DEFINED (__FUSE_REGION_LENGTH__)?__FUSE_REGION_LENGTH__:0x400
                0x0000000000000400                __LOCK_REGION_LENGTH__ = DEFINED (__LOCK_REGION_LENGTH__)?__LOCK_REGION_LENGTH__:0x400
                0x0000000000000400                __SIGNATURE_REGION_LENGTH__ = DEFINED (__SIGNATURE_REGION_LENGTH__)?__SIGNATURE_REGION_LENGTH__:0x400
                0x0000000000000400                __USER_SIGNATURE_REGION_LENGTH__ = DEFINED (__USER_SIGNATURE_REGION_LENGTH__)?__USER_SIGNATURE_REGION_LENGTH__:0x400

.hash
 *(.hash)

.dynsym
 *(.dynsym)

.dynstr
 *(.dynstr)

.gnu.version
 *(.gnu.version)

.gnu.version_d
 *(.gnu.version_d)

.gnu.version_r
 *(.gnu.version_r)

.rel.init
 *(.rel.init)

.rela.init
 *(.rela.init)

.rel.text
 *(.rel.text)
 *(.rel.text.*)
 *(.rel.gnu.linkonce.t*)

.rela.text
 *(.rela.text)
 *(.rela.text.*)
 *(.rela.gnu.linkonce.t*)

.rel.fini
 *(.rel.fini)

.rela.fini
 *(.rela.fini)

.rel.rodata
 *(.rel.rodata)
 *(.rel.rodata.*)
 *(.rel.gnu.linkonce.r*)

.rela.rodata
 *(.rela.rodata)
 *(.rela.rodata.*)
 *(.rela.gnu.linkonce.r*)

.rel.data
 *(.rel.data)
 *(.rel.data.*)
 *(.rel.gnu.linkonce.d*)

.rela.data
 *(.rela.data)
 *(.rela.data.*)
 *(.rela.gnu.linkonce.d*)

.rel.ctors
 *(.rel.ctors)

.rela.ctors
 *(.rela.ctors)

.rel.dtors
 *(.rel.dtors)

.rela.dtors
 *(.rela.dtors)

.rel.got
 *(.rel.got)

.rela.got
 *(.rela.got)

.rel.bss
 *(.rel.bss)

.rela.bss
 *(.rela.bss)

.rel.plt
 *(.rel.plt)

.rela.plt
 *(.rela.plt)

.text           0x0000000000000000       0xa8
 *(.vectors)
 .vectors       0x0000000000000000       0x54 C:/Program Files/Microchip/MPLABX/v5.50/packs/Microchip/ATmega_DFP/2.3.126/xc8/avr/lib/avr5/memx-const/crtatmega32.o
                0x0000000000000000                __vector_default
                0x0000000000000000                __vectors
 *(.vectors)
 *(.progmem.gcc*)
 *(.dinit)
 .dinit         0x0000000000000054        0x0 data_init
                0x0000000000000054                . = ALIGN (0x2)
                0x0000000000000054                __trampolines_start = .
 *(.trampolines)
 .trampolines   0x0000000000000054        0x0 linker stubs
 *(.trampolines*)
                0x0000000000000054                __trampolines_end = .
 *libprintf_flt.a:*(.progmem.data)
 *libc.a:*(.progmem.data)
                0x0000000000000054                . = ALIGN (0x2)
 *(.jumptables)
 *(.jumptables*)
 *(.lowtext)
 *(.lowtext*)
                0x0000000000000054                __ctors_start = .
 *(.ctors)
                0x0000000000000054                __ctors_end = .
                0x0000000000000054                __dtors_start = .
 *(.dtors)
                0x0000000000000054                __dtors_end = .
 SORT(*)(.ctors)
 SORT(*)(.dtors)
 *(.init0)
 .init0         0x0000000000000054        0x0 C:/Program Files/Microchip/MPLABX/v5.50/packs/Microchip/ATmega_DFP/2.3.126/xc8/avr/lib/avr5/memx-const/crtatmega32.o
                0x0000000000000054                __init
 *(.init0)
 *(.init1)
 *(.init1)
 *(.init2)
 .init2         0x0000000000000054        0xc C:/Program Files/Microchip/MPLABX/v5.50/packs/Microchip/ATmega_DFP/2.3.126/xc8/avr/lib/avr5/memx-const/crtatmega32.o
 *(.init2)
 *(.init3)
 *(.init3)
 *(.init4)
 .init4         0x0000000000000060       0x3c c:/program files/microchip/xc8/v2.32/avr/bin/../lib/gcc/avr/5.4.0/avr5/memx-const\libgcc.a(_copy_data.o)
                0x0000000000000060                __do_copy_data
                0x000000000000008e                __do_clear_bss
 *(.init4)
 *(.init5)
 *(.init5)
 *(.init6)
 *(.init6)
 *(.init7)
 *(.init7)
 *(.init8)
 *(.init8)
 *(.init9)
 .init9         0x000000000000009c        0x8 C:/Program Files/Microchip/MPLABX/v5.50/packs/Microchip/ATmega_DFP/2.3.126/xc8/avr/lib/avr5/memx-const/crtatmega32.o
 *(.init9)
                0x00000000000000a4                . = ALIGN (0x2)
 *(.fini9)
 .fini9         0x00000000000000a4        0x0 c:/program files/microchip/xc8/v2.32/avr/bin/../lib/gcc/avr/5.4.0/avr5/memx-const\libgcc.a(_exit.o)
                0x00000000000000a4                _exit
                0x00000000000000a4                exit
 *(.fini9)
 *(.fini8)
 *(.fini8)
 *(.fini7)
 *(.fini7)
 *(.fini6)
 *(.fini6)
 *(.fini5)
 *(.fini5)
 *(.fini4)
 *(.fini4)
 *(.fini3)
 *(.fini3)
 *(.fini2)
 *(.fini2)
 *(.fini1)
 *(.fini1)
 *(.fini0)
 .fini0         0x00000000000000a4        0x4 c:/program files/microchip/xc8/v2.32/avr/bin/../lib/gcc/avr/5.4.0/avr5/memx-const\libgcc.a(_exit.o)
 *(.fini0)
                0x00000000000000a8                _etext = .

.data           0x0000000000800060        0x0 load address 0x00000000000000a8
                [!provide]                        PROVIDE (__data_start, .)
 *(.gnu.linkonce.d*)
 *(.gnu.linkonce.r*)
                0x0000000000800060                . = ALIGN (0x2)
                0x0000000000800060                _edata = .
                [!provide]                        PROVIDE (__data_end, .)

.bss            0x0000000000800060        0x0
                [!provide]                        PROVIDE (__bss_start, .)
 *(COMMON)
                [!provide]                        PROVIDE (__bss_end, .)
                0x00000000000000a8                __data_load_start = LOADADDR (.data)
                0x00000000000000a8                __data_load_end = (__data_load_start + SIZEOF (.data))

.noinit         0x0000000000800060        0x0
                [!provide]                        PROVIDE (__noinit_start, .)
 *(.noinit*)
                [!provide]                        PROVIDE (__noinit_end, .)
                0x0000000000800060                _end = .

.eeprom         0x0000000000810000        0x0
 *(.eeprom*)
                0x0000000000810000                __eeprom_end = .

.fuse
 *(.fuse)
 *(.lfuse)
 *(.hfuse)
 *(.efuse)

.lock
 *(.lock*)

.signature
 *(.signature*)

.user_signatures
 *(.user_signatures*)

.stab
 *(.stab)

.stabstr
 *(.stabstr)

.stab.excl
 *(.stab.excl)

.stab.exclstr
 *(.stab.exclstr)

.stab.index
 *(.stab.index)

.stab.indexstr
 *(.stab.indexstr)

.comment        0x0000000000000000       0x2f
 *(.comment)
 .comment       0x0000000000000000       0x2f build/default/production/main.o
                                         0x30 (size before relaxing)
 .comment       0x000000000000002f       0x30 build/default/production/MSPI.o
 .comment       0x000000000000002f       0x30 build/default/production/mTimer.o
 .comment       0x000000000000002f       0x30 build/default/production/IO.o
 .comment       0x000000000000002f       0x30 build/default/production/ADC.o

.stack.descriptors.hdr
                0x0000000000000000        0xe
 .stack.descriptors.hdr
                0x0000000000000000        0xe c:/program files/microchip/xc8/v2.32/avr/bin/../lib/gcc/avr/5.4.0/avr5/memx-const\libgcc.a(_exit.o)

.note.gnu.build-id
 *(.note.gnu.build-id)

.debug
 *(.debug)

.line
 *(.line)

.debug_srcinfo
 *(.debug_srcinfo)

.debug_sfnames
 *(.debug_sfnames)

.debug_aranges  0x0000000000000000      0x118
 *(.debug_aranges)
 .debug_aranges
                0x0000000000000000       0x20 build/default/production/main.o
 .debug_aranges
                0x0000000000000020       0x28 build/default/production/MSPI.o
 .debug_aranges
                0x0000000000000048       0x38 build/default/production/mTimer.o
 .debug_aranges
                0x0000000000000080       0x60 build/default/production/IO.o
 .debug_aranges
                0x00000000000000e0       0x38 build/default/production/ADC.o

.debug_pubnames
 *(.debug_pubnames)

.debug_info     0x0000000000000000     0x15e2
 *(.debug_info .gnu.linkonce.wi.*)
 .debug_info    0x0000000000000000      0x4e6 C:/Program Files/Microchip/MPLABX/v5.50/packs/Microchip/ATmega_DFP/2.3.126/xc8/avr/lib/avr5/memx-const/crtatmega32.o
 .debug_info    0x00000000000004e6      0x428 build/default/production/main.o
 .debug_info    0x000000000000090e      0x263 build/default/production/MSPI.o
 .debug_info    0x0000000000000b71      0x346 build/default/production/mTimer.o
 .debug_info    0x0000000000000eb7      0x459 build/default/production/IO.o
 .debug_info    0x0000000000001310      0x2d2 build/default/production/ADC.o

.debug_abbrev   0x0000000000000000      0x805
 *(.debug_abbrev)
 .debug_abbrev  0x0000000000000000      0x4a3 C:/Program Files/Microchip/MPLABX/v5.50/packs/Microchip/ATmega_DFP/2.3.126/xc8/avr/lib/avr5/memx-const/crtatmega32.o
 .debug_abbrev  0x00000000000004a3      0x12d build/default/production/main.o
 .debug_abbrev  0x00000000000005d0       0x6d build/default/production/MSPI.o
 .debug_abbrev  0x000000000000063d       0x8f build/default/production/mTimer.o
 .debug_abbrev  0x00000000000006cc       0xa3 build/default/production/IO.o
 .debug_abbrev  0x000000000000076f       0x96 build/default/production/ADC.o

.debug_line     0x0000000000000000      0x8b2
 *(.debug_line .debug_line.* .debug_line_end)
 .debug_line    0x0000000000000000      0x119 C:/Program Files/Microchip/MPLABX/v5.50/packs/Microchip/ATmega_DFP/2.3.126/xc8/avr/lib/avr5/memx-const/crtatmega32.o
 .debug_line    0x0000000000000119      0x12a build/default/production/main.o
 .debug_line    0x0000000000000243       0xb1 build/default/production/MSPI.o
 .debug_line    0x00000000000002f4       0xe9 build/default/production/mTimer.o
 .debug_line    0x00000000000003dd      0x3ed build/default/production/IO.o
 .debug_line    0x00000000000007ca       0xe8 build/default/production/ADC.o

.debug_frame    0x0000000000000000      0x1b0
 *(.debug_frame)
 .debug_frame   0x0000000000000000       0x24 build/default/production/main.o
 .debug_frame   0x0000000000000024       0x34 build/default/production/MSPI.o
 .debug_frame   0x0000000000000058       0x60 build/default/production/mTimer.o
 .debug_frame   0x00000000000000b8       0xa4 build/default/production/IO.o
 .debug_frame   0x000000000000015c       0x54 build/default/production/ADC.o

.debug_str      0x0000000000000000      0x1de
 *(.debug_str)
 .debug_str     0x0000000000000000      0x196 C:/Program Files/Microchip/MPLABX/v5.50/packs/Microchip/ATmega_DFP/2.3.126/xc8/avr/lib/avr5/memx-const/crtatmega32.o
 .debug_str     0x0000000000000196       0x29 build/default/production/main.o
 .debug_str     0x00000000000001bf        0x0 build/default/production/MSPI.o
 .debug_str     0x00000000000001bf        0xa build/default/production/mTimer.o
 .debug_str     0x00000000000001c9       0x15 build/default/production/IO.o
 .debug_str     0x00000000000001de        0x0 build/default/production/ADC.o

.debug_loc      0x0000000000000000      0x5db
 *(.debug_loc)
 .debug_loc     0x0000000000000000       0x1f build/default/production/MSPI.o
 .debug_loc     0x000000000000001f       0x82 build/default/production/mTimer.o
 .debug_loc     0x00000000000000a1      0x498 build/default/production/IO.o
 .debug_loc     0x0000000000000539       0xa2 build/default/production/ADC.o

.debug_macinfo
 *(.debug_macinfo)

.debug_weaknames
 *(.debug_weaknames)

.debug_funcnames
 *(.debug_funcnames)

.debug_typenames
 *(.debug_typenames)

.debug_varnames
 *(.debug_varnames)

.debug_pubtypes
 *(.debug_pubtypes)

.debug_ranges   0x0000000000000000       0xc8
 *(.debug_ranges)
 .debug_ranges  0x0000000000000000       0x10 build/default/production/main.o
 .debug_ranges  0x0000000000000010       0x18 build/default/production/MSPI.o
 .debug_ranges  0x0000000000000028       0x28 build/default/production/mTimer.o
 .debug_ranges  0x0000000000000050       0x50 build/default/production/IO.o
 .debug_ranges  0x00000000000000a0       0x28 build/default/production/ADC.o

.debug_macro
 *(.debug_macro)
OUTPUT(dist/default/production/Masteer_new.X.production.elf elf32-avr)
LOAD linker stubs
LOAD data_init

.note.gnu.avr.deviceinfo
                0x0000000000000000       0x3c
 .note.gnu.avr.deviceinfo
                0x0000000000000000       0x3c C:/Program Files/Microchip/MPLABX/v5.50/packs/Microchip/ATmega_DFP/2.3.126/xc8/avr/lib/avr5/memx-const/crtatmega32.o

.text.setPinDir
                0x00000000000000a8       0xf0
 .text.setPinDir
                0x00000000000000a8       0xf0 build/default/production/IO.o
                0x00000000000000a8                setPinDir

.text.main      0x0000000000000198       0x5e
 .text.main     0x0000000000000198       0x5e build/default/production/main.o
                0x0000000000000198                main

.text.setOC0    0x00000000000001f6       0x34
 .text.setOC0   0x00000000000001f6       0x34 build/default/production/mTimer.o
                0x00000000000001f6                setOC0

.text.init_ADC  0x000000000000022a       0x28
 .text.init_ADC
                0x000000000000022a       0x28 build/default/production/ADC.o
                0x000000000000022a                init_ADC

.text.init_Timer
                0x0000000000000252       0x1a
 .text.init_Timer
                0x0000000000000252       0x1a build/default/production/mTimer.o
                0x0000000000000252                init_Timer

.text.Init_SPI  0x000000000000026c       0x10
 .text.Init_SPI
                0x000000000000026c       0x10 build/default/production/MSPI.o
                0x000000000000026c                Init_SPI

.text.SPI_Trasfer
                0x000000000000027c        0xa
 .text.SPI_Trasfer
                0x000000000000027c        0xa build/default/production/MSPI.o
                0x000000000000027c                SPI_Trasfer

.text           0x0000000000000286        0x4
 .text          0x0000000000000286        0x4 C:/Program Files/Microchip/MPLABX/v5.50/packs/Microchip/ATmega_DFP/2.3.126/xc8/avr/lib/avr5/memx-const/crtatmega32.o
                0x0000000000000286                __vector_1
                0x0000000000000286                __vector_12
                0x0000000000000286                __bad_interrupt
                0x0000000000000286                __vector_6
                0x0000000000000286                __vector_3
                0x0000000000000286                __vector_11
                0x0000000000000286                __vector_13
                0x0000000000000286                __vector_17
                0x0000000000000286                __vector_19
                0x0000000000000286                __vector_7
                0x0000000000000286                __vector_5
                0x0000000000000286                __vector_4
                0x0000000000000286                __vector_9
                0x0000000000000286                __vector_2
                0x0000000000000286                __vector_15
                0x0000000000000286                __vector_8
                0x0000000000000286                __vector_14
                0x0000000000000286                __vector_10
                0x0000000000000286                __vector_16
                0x0000000000000286                __vector_18
                0x0000000000000286                __vector_20
